0.947991
	Constant:116060:1:0.518026	 ^Adventure:24566:1:0.429965
0.494719
	Constant:116060:1:0.518026	 ^Fun:52006:1:-0.0233073
0.574374
	Constant:116060:1:0.518026	 ^Dutch_Ovens:21943:1:0.0563475
0.518026
	Constant:116060:1:0.518026	 ^NOT_IN_INPUT:139908:1:0
0.518026
	Constant:116060:1:0.518026	 ^Helpful:76812:1:0
0.518026
	Constant:116060:1:0.518026	 ^Outdoors:234001:1:0
0.518026
	Constant:116060:1:0.518026	 ^Values:63861:1:0
